[biostat.app.vumc.org/wiki/Main/DalesNotes/index.html]
[backblue.gif]
[fade.gif]
[index.html]
[biostat.app.vumc.org/wiki/pub/Main/SitePreferences/favicon.ico]
[biostat.app.vumc.org/wiki/bin/edit/Main/DalesNotese751.html]
[biostat.app.vumc.org/wiki/Main/WebRss]
[biostat.app.vumc.org/wiki/pub/System/PageOptimizerPlugin/cache/4f396b3ae03ab1aa9c08797844523c5c.css]
[biostat.app.vumc.org/wiki/pub/Main/SitePreferences/top_bar_gradient.png]
[biostat.app.vumc.org/wiki/pub/System/PatternSkin/print.css]
[biostat.app.vumc.org/wiki/pub/System/JQueryPlugin/jquery-2.2.4.js]
[biostat.app.vumc.org/wiki/pub/System/JQueryPlugin/plugins/observer/observer4abf.js]
[biostat.app.vumc.org/wiki/pub/System/JQueryPlugin/plugins/migrate/jquery.migrate4152.js]
[biostat.app.vumc.org/wiki/pub/System/JQueryPlugin/plugins/foswiki/jquery.foswikiae26.js]
[biostat.app.vumc.org/wiki/pub/System/JQueryPlugin/plugins/browser/jquery.browser72db.js]
[biostat.app.vumc.org/wiki/pub/System/JQueryPlugin/plugins/easing/jquery.easing7c6c.js]
[biostat.app.vumc.org/wiki/pub/System/JEditableContrib/jquery.jeditable4d95.js]
[biostat.app.vumc.org/wiki/pub/System/JQueryPlugin/plugins/metadata/jquery.metadata1446.js]
[biostat.app.vumc.org/wiki/pub/System/JQueryPlugin/plugins/ui/jquery-uif90a.js]
[biostat.app.vumc.org/wiki/pub/System/EditRowPlugin/erp9a0d.js]
[biostat.app.vumc.org/wiki/pub/System/EditRowPlugin/TableSort9a0d.js]
[biostat.app.vumc.org/wiki/pub/System/JavascriptFiles/foswikiString.js]
[biostat.app.vumc.org/wiki/pub/System/JavascriptFiles/foswikiPref.js]
[biostat.app.vumc.org/wiki/pub/System/TwistyPlugin/jquery.twisty327a.js]
[biostat.app.vumc.org/wiki/pub/System/JQueryPlugin/plugins/ui/jquery.ui.autocomplete.initf90a.js]
[biostat.app.vumc.org/wiki/pub/System/JSCalendarContrib/calendar.js]
[biostat.app.vumc.org/wiki/pub/System/JSCalendarContrib/lang/calendar-en.js]
[biostat.app.vumc.org/wiki/pub/System/JSCalendarContrib/calendar-setup.js]
[biostat.app.vumc.org/wiki/pub/System/JSCalendarContrib/foswiki.js]
[biostat.app.vumc.org/wiki/pub/System/JavascriptFiles/foswikiForm.js]
[biostat.app.vumc.org/wiki/pub/System/JavascriptFiles/strikeone.js]
[biostat.app.vumc.org/wiki/pub/System/PatternSkin/pattern.js]
[biostat.app.vumc.org/wiki/Main/WebHome.html]
[biostat.app.vumc.org/wiki/pub/Main/SitePreferences/Lockup_VUMC_DeptofBiostatistics_COLORe.png]
[biostat.app.vumc.org/wiki/System/UserRegistration.html]
[biostat.app.vumc.org/wiki/bin/login3b10.html]
[biostat.app.vumc.org/wiki/Main/WikiUsers.html]
[biostat.app.vumc.org/wiki/index.html]
[biostat.app.vumc.org/wiki/Main/DalePlummer.html]
[biostat.app.vumc.org/wiki/Main/DalesNotes.html]
[biostat.app.vumc.org/wiki/bin/attach/Main/DalesNotes.html]
[biostat.app.vumc.org/wiki/Main/FrequentlyAskedQuestionsFAQ.html]
[biostat.app.vumc.org/wiki/System/SiteToolStatistics.html]
[biostat.app.vumc.org/wiki/Main/WebStatistics.html]
[biostat.app.vumc.org/wiki/Main/BiostatisticsDataSecurityPolicy.html]
[biostat.app.vumc.org/wiki/Main/DataProtectionRecommendations.html]
[biostat.app.vumc.org/wiki/pub/Main/DalesNotes/vumcemployee-manual-settings.png]
[biostat.app.vumc.org/wiki/bin/edit/Main/Microsoft365Ra28d.html]
[biostat.app.vumc.org/wiki/bin/edit/Main/SharePointa28d.html]
[biostat.app.vumc.org/wiki/Main/Clinics.html]
[biostat.app.vumc.org/wiki/Main/SystemSetupProcedures.html]
[biostat.app.vumc.org/wiki/Main/TaskMeetingNotes.html]
[biostat.app.vumc.org/wiki/Main/DalesNotes/index33a1.html]
[biostat.app.vumc.org/wiki/Main/DalesNotes/index44bd.html]
[biostat.app.vumc.org/wiki/Main/DalesNotes/index76e2.html]
[biostat.app.vumc.org/wiki/Main/DalesNotes/indexb21c.html]
[biostat.app.vumc.org/wiki/System/BulkRegistration.html]
[biostat.app.vumc.org/wiki/pub/Main/DalesNotes/unquarantine.pdf]
[biostat.app.vumc.org/wiki/Main/NextCloudNotes.html]
[biostat.app.vumc.org/wiki/Main/PSNoteRegardingGit.html]
[biostat.app.vumc.org/wiki/bin/edit/Main/WorkSpacea28d.html]
[biostat.app.vumc.org/wiki/Main/DalesNotes/index306b.html]
[biostat.app.vumc.org/wiki/Main/DalesNotes/indexaabf.html]
[biostat.app.vumc.org/wiki/Main/DalesNotes/indexad61.html]
[biostat.app.vumc.org/wiki/Main/DalesNotes/indexe4a1.html]
[biostat.app.vumc.org/wiki/Main/AddAccountOutlook.html]
[biostat.app.vumc.org/wiki/pub/Main/DalesNotes/map00.jpg]
[biostat.app.vumc.org/wiki/pub/Main/DalesNotes/map01.jpg]
[biostat.app.vumc.org/wiki/Main/DalesNotes/indexe152.html]
[biostat.app.vumc.org/wiki/Main/GettingStartedBiostatistics.html]
[biostat.app.vumc.org/wiki/bin/edit/Main/MobilePASSa28d.html]
[biostat.app.vumc.org/wiki/bin/edit/Main/VUNetIDa28d.html]
[biostat.app.vumc.org/wiki/Main/UbuntuSetup.html]
[biostat.app.vumc.org/wiki/Main/BiostatUserOrientation.html]
[biostat.app.vumc.org/wiki/Main/FrankHarrell.html]
[biostat.app.vumc.org/wiki/Sandbox/WebHome.html]
[biostat.app.vumc.org/wiki/Main/BeamerTemplate.html]
[biostat.app.vumc.org/wiki/Main/SweaveTemplate.html]
[biostat.app.vumc.org/wiki/Main/UserpageTemplate.html]
[biostat.app.vumc.org/wiki/Main/BusinessCards.html]
[biostat.app.vumc.org/wiki/Main/LaTeXExamples.html]
[biostat.app.vumc.org/wiki/bin/edit/Main/VUnetIDa28d-2.html]
[biostat.app.vumc.org/wiki/bin/edit/Main/F4Va28d.html]
[biostat.app.vumc.org/wiki/bin/edit/Main/YouTubea28d.html]
[biostat.app.vumc.org/wiki/pub/Main/DalesNotes/combined.png]
[biostat.app.vumc.org/wiki/pub/Main/DalesNotes/wcombined.png]
[biostat.app.vumc.org/wiki/pub/Main/DalesNotes/combined.pdf]
[biostat.app.vumc.org/wiki/Main/DalesNotes/index9a1a.html]
[biostat.app.vumc.org/wiki/pub/Main/DalesNotes/wcombined.pdf]
[biostat.app.vumc.org/wiki/Main/EnvirResource.html]
[biostat.app.vumc.org/wiki/Main/GitLab.html]
[biostat.app.vumc.org/wiki/Main/N2qodIT.html]
[biostat.app.vumc.org/wiki/Main/DalesReproducibilityNotes.html]
[biostat.app.vumc.org/wiki/Main/RicohMPC4503forLinux.html]
[biostat.app.vumc.org/wiki/pub/Main/DalesNotes/biostatcopy1.pdf]
[biostat.app.vumc.org/wiki/Main/TheresaScott.html]
[biostat.app.vumc.org/wiki/Main/AlfrescoNotes.html]
[biostat.app.vumc.org/wiki/Main/BoxComNotes.html]
[biostat.app.vumc.org/wiki/Main/GradPrinterMac.html]
[biostat.app.vumc.org/wiki/Main/DepartmentPrintersWindows.html]
[biostat.app.vumc.org/wiki/Main/MacPrintersCommandLine.html]
[biostat.app.vumc.org/wiki/Main/LinuxPrintersCommandLine.html]
[biostat.app.vumc.org/wiki/Main/DalesStataCodeExamples.html]
[biostat.app.vumc.org/wiki/Main/ITTeamSkills.html]
[biostat.app.vumc.org/wiki/Main/BiostatAppleTV.html]
[biostat.app.vumc.org/wiki/Main/Biogradprinter1Setup.html]
[biostat.app.vumc.org/wiki/Main/MacBackup.html]
[biostat.app.vumc.org/wiki/Main/ShinyPresentationNotes.html]
[biostat.app.vumc.org/wiki/Main/AdminUser.html]
[biostat.app.vumc.org/wiki/Main/ModdingMozilla.html]
[biostat.app.vumc.org/wiki/pub/Main/DalesNotes/VU_SMTP.png]
[biostat.app.vumc.org/wiki/pub/Main/DalesNotes/VUMC_IMAP.png]
[biostat.app.vumc.org/wiki/pub/Main/DalesNotes/thunderbird_configuration_screenshots.pdf]
[biostat.app.vumc.org/wiki/Main/PrinterHostnames.html]
[biostat.app.vumc.org/wiki/Main/GenClinicAnalyses.html]
[biostat.app.vumc.org/wiki/Main/DalesNotes/indexb092.html]
[biostat.app.vumc.org/wiki/Main/DalesNotes/index9ccf.html]
[biostat.app.vumc.org/wiki/Main/DalesNotes/index973e.html]
[biostat.app.vumc.org/wiki/Main/DalesNotes/index18c2.html]
[biostat.app.vumc.org/wiki/Main/NumberOfTopics.html]
[biostat.app.vumc.org/wiki/pub/Main/DalesNotes/IMG_5160.JPG]
[biostat.app.vumc.org/wiki/pub/Main/DalesNotes/pssetup3.exe]
[biostat.app.vumc.org/wiki/pub/System/DocumentGraphics/toggleopen.png]
[biostat.app.vumc.org/wiki/pub/System/DocumentGraphics/toggleclose.png]
[biostat.app.vumc.org/wiki/pub/System/DocumentGraphics/else.png]
[biostat.app.vumc.org/wiki/Main/DalesNotes/index7234.html]
[biostat.app.vumc.org/wiki/Main/DalesNotes/indexa064.html]
[biostat.app.vumc.org/wiki/Main/DalesNotes/indexd147.html]
[biostat.app.vumc.org/wiki/Main/DalesNotes/index1124.html]
[biostat.app.vumc.org/wiki/bin/attach/Main/DalesNotes91a8.html]
[biostat.app.vumc.org/wiki/pub/System/DocumentGraphics/pdf.png]
[biostat.app.vumc.org/wiki/pub/Main/DalesNotes/Instructions___VUMC_Software_Store___Academic_Software_Discounts.pdf]
[biostat.app.vumc.org/wiki/Main/DalesNotes/indexe374.html]
[biostat.app.vumc.org/wiki/Main/DalesNotes/index2432.html]
[biostat.app.vumc.org/wiki/Main/DalesNotes/index0000.html]
[biostat.app.vumc.org/wiki/bin/attach/Main/DalesNotes4bc1.html]
[biostat.app.vumc.org/wiki/pub/Main/DalesNotes/Ricoh-MP_C4503-pxlcolor-Ricoh.ppd]
[biostat.app.vumc.org/wiki/bin/attach/Main/DalesNotesb53c.html]
[biostat.app.vumc.org/wiki/pub/System/DocumentGraphics/png.png]
[biostat.app.vumc.org/wiki/pub/Main/DalesNotes/Screenshot_from_2013-01-22_143626.png]
[biostat.app.vumc.org/wiki/bin/attach/Main/DalesNotes1a48.html]
[biostat.app.vumc.org/wiki/pub/Main/DalesNotes/Screenshot_from_2015-06-18_16_31_03.png]
[biostat.app.vumc.org/wiki/bin/attach/Main/DalesNotes4886.html]
[biostat.app.vumc.org/wiki/pub/Main/DalesNotes/Screenshot_from_2015-06-18_16_31_43.png]
[biostat.app.vumc.org/wiki/bin/attach/Main/DalesNotes020e.html]
[biostat.app.vumc.org/wiki/pub/Main/DalesNotes/Screenshot_from_2015-06-18_16_31_59.png]
[biostat.app.vumc.org/wiki/bin/attach/Main/DalesNotes716c.html]
[biostat.app.vumc.org/wiki/pub/Main/DalesNotes/Screenshot_from_2015-06-18_16_32_21.png]
[biostat.app.vumc.org/wiki/bin/attach/Main/DalesNotes5f27.html]
[biostat.app.vumc.org/wiki/bin/attach/Main/DalesNotes9d4a.html]
[biostat.app.vumc.org/wiki/bin/attach/Main/DalesNotes7fa5.html]
[biostat.app.vumc.org/wiki/pub/Main/DalesNotes/active]
[biostat.app.vumc.org/wiki/bin/attach/Main/DalesNoteseddd.html]
[biostat.app.vumc.org/wiki/pub/System/DocumentGraphics/doc.png]
[biostat.app.vumc.org/wiki/pub/Main/DalesNotes/batty.doc]
[biostat.app.vumc.org/wiki/bin/attach/Main/DalesNotesef2e.html]
[biostat.app.vumc.org/wiki/pub/Main/DalesNotes/biostatcopy1.docx]
[biostat.app.vumc.org/wiki/bin/attach/Main/DalesNotes2abe.html]
[biostat.app.vumc.org/wiki/bin/attach/Main/DalesNotescc9a.html]
[biostat.app.vumc.org/wiki/bin/attach/Main/DalesNotes65d8.html]
[biostat.app.vumc.org/wiki/bin/attach/Main/DalesNotes55da.html]
[biostat.app.vumc.org/wiki/pub/Main/DalesNotes/config.opts]
[biostat.app.vumc.org/wiki/bin/attach/Main/DalesNotes7d0f.html]
[biostat.app.vumc.org/wiki/pub/Main/DalesNotes/exception.sites]
[biostat.app.vumc.org/wiki/bin/attach/Main/DalesNotes8157.html]
[biostat.app.vumc.org/wiki/pub/Main/DalesNotes/exchange_calendar_owa_how_to.pdf]
[biostat.app.vumc.org/wiki/bin/attach/Main/DalesNotes22bf.html]
[biostat.app.vumc.org/wiki/pub/Main/DalesNotes/feh_slideshow]
[biostat.app.vumc.org/wiki/bin/attach/Main/DalesNotes5264.html]
[biostat.app.vumc.org/wiki/pub/Main/DalesNotes/how_to_export_from_webcalendar.pdf]
[biostat.app.vumc.org/wiki/bin/attach/Main/DalesNotesdcfb.html]
[biostat.app.vumc.org/wiki/pub/Main/DalesNotes/how_to_import_webcalendar_into_exchange.pdf]
[biostat.app.vumc.org/wiki/bin/attach/Main/DalesNotes1d20.html]
[biostat.app.vumc.org/wiki/pub/Main/DalesNotes/how_to_thunderbird_and_exchange_calendar.pdf]
[biostat.app.vumc.org/wiki/bin/attach/Main/DalesNotes6356.html]
[biostat.app.vumc.org/wiki/pub/Main/DalesNotes/imap.png]
[biostat.app.vumc.org/wiki/bin/attach/Main/DalesNotes66e0.html]
[biostat.app.vumc.org/wiki/pub/Main/DalesNotes/interfaces]
[biostat.app.vumc.org/wiki/bin/attach/Main/DalesNotes9e00.html]
[biostat.app.vumc.org/wiki/pub/Main/DalesNotes/local]
[biostat.app.vumc.org/wiki/bin/attach/Main/DalesNotesfdaa.html]
[biostat.app.vumc.org/wiki/pub/Main/DalesNotes/logo_blue.png]
[biostat.app.vumc.org/wiki/bin/attach/Main/DalesNotes97ad.html]
[biostat.app.vumc.org/wiki/pub/Main/DalesNotes/mac_xerox_printer_installation_1.pdf]
[biostat.app.vumc.org/wiki/bin/attach/Main/DalesNotes1fac.html]
[biostat.app.vumc.org/wiki/pub/System/DocumentGraphics/jpg.png]
[biostat.app.vumc.org/wiki/bin/attach/Main/DalesNotesff67.html]
[biostat.app.vumc.org/wiki/bin/attach/Main/DalesNotes93f7.html]
[biostat.app.vumc.org/wiki/pub/System/DocumentGraphics/txt.png]
[biostat.app.vumc.org/wiki/pub/Main/DalesNotes/odfweave.txt]
[biostat.app.vumc.org/wiki/bin/attach/Main/DalesNotese340.html]
[biostat.app.vumc.org/wiki/pub/System/DocumentGraphics/exe.png]
[biostat.app.vumc.org/wiki/bin/attach/Main/DalesNotes7bd8.html]
[biostat.app.vumc.org/wiki/pub/Main/DalesNotes/rclone.odt]
[biostat.app.vumc.org/wiki/bin/attach/Main/DalesNotes970a.html]
[biostat.app.vumc.org/wiki/pub/Main/DalesNotes/rclone.pdf]
[biostat.app.vumc.org/wiki/bin/attach/Main/DalesNotese949.html]
[biostat.app.vumc.org/wiki/pub/Main/DalesNotes/sas91_350411_windows.txt]
[biostat.app.vumc.org/wiki/bin/attach/Main/DalesNotesd4b4.html]
[biostat.app.vumc.org/wiki/pub/Main/DalesNotes/sas91_350412_linux.txt]
[biostat.app.vumc.org/wiki/bin/attach/Main/DalesNotesc3c7.html]
[biostat.app.vumc.org/wiki/pub/Main/DalesNotes/sas91_481404_windows.txt]
[biostat.app.vumc.org/wiki/bin/attach/Main/DalesNotes7eae.html]
[biostat.app.vumc.org/wiki/pub/Main/DalesNotes/sas91_481405_linux.txt]
[biostat.app.vumc.org/wiki/bin/attach/Main/DalesNotese8bc.html]
[biostat.app.vumc.org/wiki/pub/Main/DalesNotes/smtpauth.png]
[biostat.app.vumc.org/wiki/bin/attach/Main/DalesNotes6147.html]
[biostat.app.vumc.org/wiki/pub/Main/DalesNotes/sources.list]
[biostat.app.vumc.org/wiki/bin/attach/Main/DalesNotes7cbe.html]
[biostat.app.vumc.org/wiki/bin/attach/Main/DalesNotesfe12.html]
[biostat.app.vumc.org/wiki/bin/attach/Main/DalesNotes9669.html]
[biostat.app.vumc.org/wiki/pub/Main/DalesNotes/vsftpd.conf]
[biostat.app.vumc.org/wiki/bin/attach/Main/DalesNotes5777.html]
[biostat.app.vumc.org/wiki/bin/attach/Main/DalesNotes9796.html]
[biostat.app.vumc.org/wiki/bin/attach/Main/DalesNotescd3a.html]
[biostat.app.vumc.org/wiki/bin/attach/Main/DalesNotesfe18.html]
[biostat.app.vumc.org/wiki/bin/edit/Main/DalesNotes63cc.html]
[biostat.app.vumc.org/wiki/Main/DalesNotes301f.html]
[biostat.app.vumc.org/wiki/bin/oops/Main/DalesNotes46d7.html]
[biostat.app.vumc.org/wiki/bin/compare/Main/DalesNotes776a.html]
[biostat.app.vumc.org/wiki/Main/DalesNotes6fbe.html]
[biostat.app.vumc.org/wiki/bin/compare/Main/DalesNotes0f5d.html]
[biostat.app.vumc.org/wiki/Main/DalesNotes33ca.html]
[biostat.app.vumc.org/wiki/bin/compare/Main/DalesNotes209f.html]
[biostat.app.vumc.org/wiki/Main/DalesNotes0efe.html]
[biostat.app.vumc.org/wiki/Main/DalesNotesa0b9.html]
[biostat.app.vumc.org/wiki/Main/DalesNotesa62c.html]
[biostat.app.vumc.org/wiki/bin/edit/Main/DalesNotes4f9c.html]
[biostat.app.vumc.org/wiki/Main/DalesNotesf253.html]
[biostat.app.vumc.org/wiki/Main/WebSearch.html]
[biostat.app.vumc.org/wiki/Main/WebChanges.html]
[biostat.app.vumc.org/wiki/bin/changes/Main.html]
[biostat.app.vumc.org/wiki/Main/WebIndex.html]
[biostat.app.vumc.org/wiki/Archive/WebHome.html]
[biostat.app.vumc.org/wiki/System/WebHome.html]
[biostat.app.vumc.org/wiki/pub/System/ProjectLogos/foswiki-badge.png]
[biostat.app.vumc.org/wiki/Main/DalesNotes/index.html]
[biostat.app.vumc.org/wiki/bin/edit/Main/DalesNotese751.html]
[biostat.app.vumc.org/wiki/pub/System/PageOptimizerPlugin/cache/4f396b3ae03ab1aa9c08797844523c5c.css]
[biostat.app.vumc.org/wiki/pub/System/PatternSkin/print.css]
[biostat.app.vumc.org/wiki/Main/WebHome.html]
[biostat.app.vumc.org/wiki/System/UserRegistration.html]
[biostat.app.vumc.org/wiki/bin/login3b10.html]
[biostat.app.vumc.org/wiki/index.html]
[biostat.app.vumc.org/wiki/Main/WikiUsers.html]
[biostat.app.vumc.org/wiki/Main/DalePlummer.html]
[biostat.app.vumc.org/wiki/Main/DalesNotes.html]
[biostat.app.vumc.org/wiki/bin/attach/Main/DalesNotes.html]
[biostat.app.vumc.org/wiki/Main/FrequentlyAskedQuestionsFAQ.html]
[biostat.app.vumc.org/wiki/System/SiteToolStatistics.html]
[biostat.app.vumc.org/wiki/Main/WebStatistics.html]
[biostat.app.vumc.org/wiki/Main/BiostatisticsDataSecurityPolicy.html]
[biostat.app.vumc.org/wiki/Main/DataProtectionRecommendations.html]
[biostat.app.vumc.org/wiki/bin/edit/Main/Microsoft365Ra28d.html]
[biostat.app.vumc.org/wiki/bin/edit/Main/SharePointa28d.html]
[biostat.app.vumc.org/wiki/Main/Clinics.html]
[biostat.app.vumc.org/wiki/Main/SystemSetupProcedures.html]
[biostat.app.vumc.org/wiki/Main/DalesNotes/index33a1.html]
[biostat.app.vumc.org/wiki/Main/DalesNotes/index44bd.html]
[biostat.app.vumc.org/wiki/Main/DalesNotes/index76e2.html]
[biostat.app.vumc.org/wiki/Main/DalesNotes/indexb21c.html]
[biostat.app.vumc.org/index.html]
[biostat.app.vumc.org/wiki/Main/TaskMeetingNotes.html]
[biostat.app.vumc.org/wiki/System/BulkRegistration.html]
[biostat.app.vumc.org/wiki/Main/NextCloudNotes.html]
[biostat.app.vumc.org/wiki/Main/PSNoteRegardingGit.html]
[biostat.app.vumc.org/wiki/Main/DalesNotes/indexaabf.html]
[biostat.app.vumc.org/wiki/Main/DalesNotes/indexad61.html]
[biostat.app.vumc.org/wiki/Main/DalesNotes/index306b.html]
[biostat.app.vumc.org/wiki/Main/DalesNotes/indexe4a1.html]
[biostat.app.vumc.org/wiki/Main/DalesNotes/indexe152.html]
[biostat.app.vumc.org/wiki/bin/edit/Main/WorkSpacea28d.html]
[biostat.app.vumc.org/wiki/Main/AddAccountOutlook.html]
[biostat.app.vumc.org/wiki/Main/GettingStartedBiostatistics.html]
[biostat.app.vumc.org/wiki/bin/edit/Main/MobilePASSa28d.html]
[biostat.app.vumc.org/wiki/bin/edit/Main/VUNetIDa28d.html]
[biostat.app.vumc.org/wiki/Main/UbuntuSetup.html]
[biostat.app.vumc.org/wiki/Main/BiostatUserOrientation.html]
[biostat.app.vumc.org/wiki/Main/FrankHarrell.html]
[biostat.app.vumc.org/wiki/Sandbox/WebHome.html]
[biostat.app.vumc.org/wiki/Main/BeamerTemplate.html]
[biostat.app.vumc.org/wiki/Main/SweaveTemplate.html]
[biostat.app.vumc.org/wiki/Main/UserpageTemplate.html]
[biostat.app.vumc.org/wiki/Main/BiostatLogo.html]
[biostat.app.vumc.org/wiki/Main/BusinessCards.html]
[biostat.app.vumc.org/wiki/Main/LaTeXExamples.html]
[biostat.app.vumc.org/wiki/bin/edit/Main/VUnetIDa28d-2.html]
[biostat.app.vumc.org/wiki/bin/edit/Main/F4Va28d.html]
[biostat.app.vumc.org/wiki/bin/edit/Main/YouTubea28d.html]
[biostat.app.vumc.org/wiki/Main/DalesNotes/index9a1a.html]
[biostat.app.vumc.org/wiki/Main/EnvirResource.html]
[biostat.app.vumc.org/wiki/Main/GitLab.html]
[biostat.app.vumc.org/wiki/Main/N2qodIT.html]
[biostat.app.vumc.org/wiki/Main/DalesReproducibilityNotes.html]
[biostat.app.vumc.org/wiki/Main/RicohMPC4503forLinux.html]
[biostat.app.vumc.org/wiki/Main/TheresaScott.html]
[biostat.app.vumc.org/wiki/Main/AlfrescoNotes.html]
[biostat.app.vumc.org/wiki/Main/BoxComNotes.html]
[biostat.app.vumc.org/wiki/Main/GradPrinterMac.html]
[biostat.app.vumc.org/wiki/Main/DepartmentPrintersWindows.html]
[biostat.app.vumc.org/wiki/Main/MacPrintersCommandLine.html]
[biostat.app.vumc.org/wiki/Main/LinuxPrintersCommandLine.html]
[biostat.app.vumc.org/wiki/Main/DalesStataCodeExamples.html]
[biostat.app.vumc.org/wiki/Main/ITTeamSkills.html]
[biostat.app.vumc.org/wiki/Main/BiostatAppleTV.html]
[biostat.app.vumc.org/wiki/Main/Biogradprinter1Setup.html]
[biostat.app.vumc.org/wiki/Main/MacBackup.html]
[biostat.app.vumc.org/wiki/Main/ShinyPresentationNotes.html]
[biostat.app.vumc.org/wiki/Main/AdminUser.html]
[biostat.app.vumc.org/wiki/Main/ModdingMozilla.html]
[biostat.app.vumc.org/wiki/Main/PrinterHostnames.html]
[biostat.app.vumc.org/wiki/Main/DalesNotes/indexb092.html]
[biostat.app.vumc.org/wiki/Main/DalesNotes/index9ccf.html]
[biostat.app.vumc.org/wiki/Main/DalesNotes/index973e.html]
[biostat.app.vumc.org/wiki/Main/DalesNotes/index18c2.html]
[biostat.app.vumc.org/wiki/Main/GenClinicAnalyses.html]
[biostat.app.vumc.org/wiki/Main/NumberOfTopics.html]
[biostat.app.vumc.org/wiki/Main/DalesNotes/index7234.html]
[biostat.app.vumc.org/wiki/Main/DalesNotes/indexa064.html]
[biostat.app.vumc.org/wiki/Main/DalesNotes/indexd147.html]
[biostat.app.vumc.org/wiki/Main/DalesNotes/index1124.html]
[biostat.app.vumc.org/wiki/Main/DalesNotes/indexe374.html]
[biostat.app.vumc.org/wiki/Main/DalesNotes/index0000.html]
[biostat.app.vumc.org/wiki/Main/DalesNotes/index2432.html]
[biostat.app.vumc.org/wiki/bin/attach/Main/DalesNotes91a8.html]
[biostat.app.vumc.org/wiki/bin/attach/Main/DalesNotes4bc1.html]
[biostat.app.vumc.org/wiki/bin/attach/Main/DalesNotesb53c.html]
[biostat.app.vumc.org/wiki/bin/attach/Main/DalesNotes1a48.html]
[biostat.app.vumc.org/wiki/bin/attach/Main/DalesNotes4886.html]
[biostat.app.vumc.org/wiki/bin/attach/Main/DalesNotes020e.html]
[biostat.app.vumc.org/wiki/bin/attach/Main/DalesNotes716c.html]
[biostat.app.vumc.org/wiki/bin/attach/Main/DalesNotes5f27.html]
[biostat.app.vumc.org/wiki/bin/attach/Main/DalesNotes9d4a.html]
[biostat.app.vumc.org/wiki/bin/attach/Main/DalesNotes7fa5.html]
[biostat.app.vumc.org/wiki/bin/attach/Main/DalesNoteseddd.html]
[biostat.app.vumc.org/wiki/bin/attach/Main/DalesNotesef2e.html]
[biostat.app.vumc.org/wiki/bin/attach/Main/DalesNotes2abe.html]
[biostat.app.vumc.org/wiki/bin/attach/Main/DalesNotescc9a.html]
[biostat.app.vumc.org/wiki/bin/attach/Main/DalesNotes65d8.html]
[biostat.app.vumc.org/wiki/bin/attach/Main/DalesNotes55da.html]
[biostat.app.vumc.org/wiki/bin/attach/Main/DalesNotes7d0f.html]
[biostat.app.vumc.org/wiki/bin/attach/Main/DalesNotes8157.html]
[biostat.app.vumc.org/wiki/bin/attach/Main/DalesNotes22bf.html]
[biostat.app.vumc.org/wiki/bin/attach/Main/DalesNotes5264.html]
[biostat.app.vumc.org/wiki/bin/attach/Main/DalesNotesdcfb.html]
[biostat.app.vumc.org/wiki/bin/attach/Main/DalesNotes1d20.html]
[biostat.app.vumc.org/wiki/bin/attach/Main/DalesNotes6356.html]
[biostat.app.vumc.org/wiki/bin/attach/Main/DalesNotes66e0.html]
[biostat.app.vumc.org/wiki/bin/attach/Main/DalesNotes9e00.html]
[biostat.app.vumc.org/wiki/bin/attach/Main/DalesNotesfdaa.html]
[biostat.app.vumc.org/wiki/bin/attach/Main/DalesNotes97ad.html]
[biostat.app.vumc.org/wiki/bin/attach/Main/DalesNotes1fac.html]
[biostat.app.vumc.org/wiki/bin/attach/Main/DalesNotesff67.html]
[biostat.app.vumc.org/wiki/bin/attach/Main/DalesNotes93f7.html]
[biostat.app.vumc.org/wiki/bin/attach/Main/DalesNotese340.html]
[biostat.app.vumc.org/wiki/bin/attach/Main/DalesNotes7bd8.html]
[biostat.app.vumc.org/wiki/bin/attach/Main/DalesNotes970a.html]
[biostat.app.vumc.org/wiki/bin/attach/Main/DalesNotese949.html]
[biostat.app.vumc.org/wiki/bin/attach/Main/DalesNotesd4b4.html]
[biostat.app.vumc.org/wiki/bin/attach/Main/DalesNotesc3c7.html]
[biostat.app.vumc.org/wiki/bin/attach/Main/DalesNotes7eae.html]
[biostat.app.vumc.org/wiki/bin/attach/Main/DalesNotese8bc.html]
[biostat.app.vumc.org/wiki/bin/attach/Main/DalesNotes6147.html]
[biostat.app.vumc.org/wiki/bin/attach/Main/DalesNotes7cbe.html]
[biostat.app.vumc.org/wiki/bin/attach/Main/DalesNotesfe12.html]
[biostat.app.vumc.org/wiki/bin/attach/Main/DalesNotes9669.html]
[biostat.app.vumc.org/wiki/bin/attach/Main/DalesNotes5777.html]
[biostat.app.vumc.org/wiki/bin/attach/Main/DalesNotes9796.html]
[biostat.app.vumc.org/wiki/bin/attach/Main/DalesNotescd3a.html]
[biostat.app.vumc.org/wiki/bin/attach/Main/DalesNotesfe18.html]
[biostat.app.vumc.org/wiki/bin/edit/Main/DalesNotes63cc.html]
[biostat.app.vumc.org/wiki/Main/DalesNotes301f.html]
[biostat.app.vumc.org/wiki/bin/oops/Main/DalesNotes46d7.html]
[biostat.app.vumc.org/wiki/bin/compare/Main/DalesNotes776a.html]
[biostat.app.vumc.org/wiki/Main/DalesNotes6fbe.html]
[biostat.app.vumc.org/wiki/bin/compare/Main/DalesNotes0f5d.html]
[biostat.app.vumc.org/wiki/Main/DalesNotes33ca.html]
[biostat.app.vumc.org/wiki/bin/compare/Main/DalesNotes209f.html]
[biostat.app.vumc.org/wiki/Main/DalesNotes0efe.html]
[biostat.app.vumc.org/wiki/Main/DalesNotesa0b9.html]
[biostat.app.vumc.org/wiki/Main/DalesNotesa62c.html]
[biostat.app.vumc.org/wiki/bin/edit/Main/DalesNotes4f9c.html]
[biostat.app.vumc.org/wiki/Main/DalesNotesf253.html]
[biostat.app.vumc.org/wiki/Main/WebSearch.html]
[biostat.app.vumc.org/wiki/Main/WebChanges.html]
[biostat.app.vumc.org/wiki/bin/changes/Main.html]
[biostat.app.vumc.org/wiki/Main/WebIndex.html]
[biostat.app.vumc.org/wiki/Archive/WebHome.html]
[biostat.app.vumc.org/wiki/System/WebHome.html]
[biostat.app.vumc.org/wiki/Main/DalesNotes/index4479.html]
[biostat.app.vumc.org/wiki/Main/DalesNotes/index4479.html]
